// Jest Snapshot v1, https://goo.gl/fbAQLP

exports[`expect to render a card component 1`] = `
<div
  className="card-container"
>
  <img
    alt="monster"
    src="https://robohash.org/1?set=set2&size=180x180"
  />
  <h1>
    test
  </h1>
  <p>
    test@test.com
  </p>
</div>
`;
