// Jest Snapshot v1, https://goo.gl/fbAQLP

exports[`initial test 1`] = `
<div
  className="App"
>
  <h1>
     Monsters Rolodex 
  </h1>
  <SearchInput
    handleChange={[Function]}
    placeholder="search monsters"
  />
  <CardList
    monsters={Array []}
  />
</div>
`;
