// Jest Snapshot v1, https://goo.gl/fbAQLP

exports[`initialization test 1`] = `
<input
  className="search"
  onChange={[Function]}
  placeholder="test"
  type="search"
/>
`;
